2018-05-17 08:58:17.722379: [INFO]    Close parrent process.
2018-05-17 09:01:05.502056: [INFO]    Close parrent process.
2018-05-17 09:01:05.519354: [INFO]    table 'cdrs_all' is clear.
